PS C:\Users\Admin\Desktop\Faika File\Template Website\Leewayzon Website> git init
Reinitialized existing Git repository in C:/Users/Admin/Desktop/Faika File/Template Website/Leewayzon Website/.git/
PS C:\Users\Admin\Desktop\Faika File\Template Website\Leewayzon Website> git add .
warning: in the working copy of 'faq.svg', LF will be replaced by CRLF the next time Git touches it
warning: in the working copy of 'google.svg', LF will be replaced by CRLF the next time Git touches it
warning: in the working copy of 'leewayzon.svg', LF will be replaced by CRLF the next time Git touches it
warning: in the working copy of 'logo.svg', LF will be replaced by CRLF the next time Git touches it
PS C:\Users\Admin\Desktop\Faika File\Template Website\Leewayzon Website> git add
Nothing specified, nothing added.
hint: Maybe you wanted to say 'git add .'?
hint: Disable this message with "git config advice.addEmptyPathspec false"
PS C:\Users\Admin\Desktop\Faika File\Template Website\Leewayzon Website> git commit -m "i made this leewayzon.com  website by my own"
[master (root-commit) 5ecebf6] i made this leewayzon.com  website by my own
 24 files changed, 1904 insertions(+)    
 create mode 100644 .vscode/settings.json
 create mode 100644 about.png
 create mode 100644 c1.webp
 create mode 100644 c12.png
 create mode 100644 c13.png
 create mode 100644 c2.png
 create mode 100644 c3.png
 create mode 100644 c7.png
 create mode 100644 c8.png
 create mode 100644 c9.png
 create mode 100644 faq.svg
 create mode 100644 global.css
 create mode 100644 google.svg
 create mode 100644 home.png
 create mode 100644 home2.png
 create mode 100644 index1.html
 create mode 100644 logo.svg
PS C:\Users\Admin\Desktop\Faika File\Template Website\Leewayzon Website> git status
On branch master
PS C:\Users\Admin\Desktop\Faika File\Template Website\Leewayzon Website> git branch -M master
PS C:\Users\Admin\Desktop\Faika File\Template Website\Leewayzon Website> git remote add origin https://github.com/FAIKAKHAN/Leewayzon.com.git
PS C:\Users\Admin\Desktop\Faika File\Template Website\Leewayzon Website> git push -u origin master
Enumerating objects: 27, done.
Compressing objects: 100% (25/25), done.
Writing objects: 100% (27/27), 2.14 MiB | 997.00 KiB/s, done.
Total 27 (delta 0), reused 0 (delta 0), pack-reused 0 (from 0)
To https://github.com/FAIKAKHAN/Leewayzon.com.git
branch 'master' set up to track 'origin/master'.
PS C:\Users\Admin\Desktop\Faika File\Template Website\Leewayzon Website> git remote add origin https://github.com/FAIKAKHAN/Leewayzon.com.git
error: remote origin already exists.
PS C:\Users\Admin\Desktop\Faika File\Template Website\Leewayzon Website> git branch -M master
On branch master
Your branch is up to date with 'origin/master'.

nothing to commit, working tree clean
PS C:\Users\Admin\Desktop\Faika File\Template Website\Leewayzon Website> git add .
On branch master
Your branch is up to date with 'origin/master'.

nothing to commit, working tree clean
On branch master

PS C:\Users\Admin\Desktop\Faika File\Template Website\Leewayzon Website>
PS C:\Users\Admin\Desktop\Faika File\Template Website\Leewayzon Website>
PS C:\Users\Admin\Desktop\Faika File\Template Website\Leewayzon Website>
PS C:\Users\Admin\Desktop\Faika File\Template Website\Leewayzon Website>  git commit -m "My Leewayzon.com  Website"
On branch master
Your branch is up to date with 'origin/master'.

PS C:\Users\Admin\Desktop\Faika File\Template Website\Leewayzon Website> git commit
On branch master
Your branch is up to date with 'origin/master'.
nothing to commit, working tree clean
PS C:\Users\Admin\Desktop\Faika File\Template Website\Leewayzon Website> git pull
Already up to date.
PS C:\Users\Admin\Desktop\Faika File\Template Website\Leewayzon Website> git push
Everything up-to-date
PS C:\Users\Admin\Desktop\Faika File\Template Website\Leewayzon Website>  git branch .m  master
fatal: '.m' is not a valid branch name
hint: See `man git check-ref-format`
PS C:\Users\Admin\Desktop\Faika File\Template Website\Leewayzon Website> git status
On branch master
Your branch is up to date with 'origin/master'.

nothing to commit, working tree clean
PS C:\Users\Admin\Desktop\Faika File\Template Website\Leewayzon Website>  git branch .M  master
fatal: '.M' is not a valid branch name
hint: See `man git check-ref-format`
hint: Disable this message with "git config advice.refSyntax false"
PS C:\Users\Admin\Desktop\Faika File\Template Website\Leewayzon Website> git push
To https://github.com/FAIKAKHAN/Leewayzon.com.git
 ! [rejected]        master -> master (fetch first)
hint: Updates were rejected because the remote contains work that you do not
hint: the same ref. If you want to integrate the remote changes, use
hint: 'git pull' before pushing again.
hint: See the 'Note about fast-forwards' in 'git push --help' for details.
PS C:\Users\Admin\Desktop\Faika File\Template Website\Leewayzon Website> git pull
remote: Enumerating objects: 6, done.
remote: Compressing objects: 100% (3/3), done.
remote: Total 5 (delta 1), reused 0 (delta 0), pack-reused 0 (from 0)
Unpacking objects: 100% (5/5), 1.57 KiB | 18.00 KiB/s, done.
   5ecebf6..595b640  master     -> origin/master
Updating 5ecebf6..595b640
Fast-forward
 .github/workflows/static.yml | 43 +++++++++++++++++++++++++++++++++++++++++++
 1 file changed, 43 insertions(+)
PS C:\Users\Admin\Desktop\Faika File\Template Website\Leewayzon Website> git push
Everything up-to-date
PS C:\Users\Admin\Desktop\Faika File\Template Website\Leewayzon Website> git add .
PS C:\Users\Admin\Desktop\Faika File\Template Website\Leewayzon Website>  git commit -m "My Leewayzon.com  Website"
[master fc913e2] My Leewayzon.com  Website
 2 files changed, 1 insertion(+), 1 deletion(-)
 rename index1.html => index.html (99%)
 rename style1.css => style.css (100%)
PS C:\Users\Admin\Desktop\Faika File\Template Website\Leewayzon Website> git commit
Your branch is ahead of 'origin/master' by 1 commit.
  (use "git push" to publish your local commits)

nothing to commit, working tree clean
PS C:\Users\Admin\Desktop\Faika File\Template Website\Leewayzon Website> ^C
PS C:\Users\Admin\Desktop\Faika File\Template Website\Leewayzon Website>  git branch .m  master
fatal: '.m' is not a valid branch name
hint: See `man git check-ref-format`
hint: Disable this message with "git config advice.refSyntax false"
PS C:\Users\Admin\Desktop\Faika File\Template Website\Leewayzon Website> git status
On branch master
Your branch is ahead of 'origin/master' by 1 commit.
  (use "git push" to publish your local commits)

nothing to commit, working tree clean
PS C:\Users\Admin\Desktop\Faika File\Template Website\Leewayzon Website> git push
Enumerating objects: 4, done.
Counting objects: 100% (4/4), done.
Delta compression using up to 4 threads
Compressing objects: 100% (3/3), done.
Writing objects: 100% (3/3), 5.89 KiB | 2.94 MiB/s, done.
Total 3 (delta 1), reused 0 (delta 0), pack-reused 0 (from 0)
remote: Resolving deltas: 100% (1/1), completed with 1 local object.
To https://github.com/FAIKAKHAN/Leewayzon.com.git
   595b640..fc913e2  master -> master
PS C:\Users\Admin\Desktop\Faika File\Template Website\Leewayzon Website>
